2026-06-11 02:50:22,589 ERROR hermes_cli.web_server: GET /api/sessions failed
Traceback (most recent call last):
  File "/Users/ktoclaw/.hermes/hermes-agent/hermes_cli/web_server.py", line 779, in get_sessions
    db = SessionDB()
         ^^^^^^^^^^^
  File "/Users/ktoclaw/.hermes/hermes-agent/hermes_state.py", line 353, in __init__
    apply_wal_with_fallback(self._conn, db_label="state.db")
  File "/Users/ktoclaw/.hermes/hermes-agent/hermes_state.py", line 152, in apply_wal_with_fallback
    conn.execute("PRAGMA journal_mode=WAL")
sqlite3.DatabaseError: file is not a database
2026-06-11 02:50:27,588 ERROR hermes_cli.web_server: GET /api/sessions failed
Traceback (most recent call last):
  File "/Users/ktoclaw/.hermes/hermes-agent/hermes_cli/web_server.py", line 779, in get_sessions
    db = SessionDB()
         ^^^^^^^^^^^
  File "/Users/ktoclaw/.hermes/hermes-agent/hermes_state.py", line 353, in __init__
    apply_wal_with_fallback(self._conn, db_label="state.db")
  File "/Users/ktoclaw/.hermes/hermes-agent/hermes_state.py", line 152, in apply_wal_with_fallback
    conn.execute("PRAGMA journal_mode=WAL")
sqlite3.DatabaseError: file is not a database
2026-06-11 02:50:32,591 ERROR hermes_cli.web_server: GET /api/sessions failed
Traceback (most recent call last):
  File "/Users/ktoclaw/.hermes/hermes-agent/hermes_cli/web_server.py", line 779, in get_sessions
    db = SessionDB()
         ^^^^^^^^^^^
  File "/Users/ktoclaw/.hermes/hermes-agent/hermes_state.py", line 353, in __init__
    apply_wal_with_fallback(self._conn, db_label="state.db")
  File "/Users/ktoclaw/.hermes/hermes-agent/hermes_state.py", line 152, in apply_wal_with_fallback
    conn.execute("PRAGMA journal_mode=WAL")
sqlite3.DatabaseError: file is not a database
2026-06-11 02:50:37,590 ERROR hermes_cli.web_server: GET /api/sessions failed
Traceback (most recent call last):
  File "/Users/ktoclaw/.hermes/hermes-agent/hermes_cli/web_server.py", line 779, in get_sessions
    db = SessionDB()
         ^^^^^^^^^^^
  File "/Users/ktoclaw/.hermes/hermes-agent/hermes_state.py", line 353, in __init__
    apply_wal_with_fallback(self._conn, db_label="state.db")
  File "/Users/ktoclaw/.hermes/hermes-agent/hermes_state.py", line 152, in apply_wal_with_fallback
    conn.execute("PRAGMA journal_mode=WAL")
sqlite3.DatabaseError: file is not a database
2026-06-11 02:50:42,589 ERROR hermes_cli.web_server: GET /api/sessions failed
Traceback (most recent call last):
  File "/Users/ktoclaw/.hermes/hermes-agent/hermes_cli/web_server.py", line 779, in get_sessions
    db = SessionDB()
         ^^^^^^^^^^^
  File "/Users/ktoclaw/.hermes/hermes-agent/hermes_state.py", line 353, in __init__
    apply_wal_with_fallback(self._conn, db_label="state.db")
  File "/Users/ktoclaw/.hermes/hermes-agent/hermes_state.py", line 152, in apply_wal_with_fallback
    conn.execute("PRAGMA journal_mode=WAL")
sqlite3.DatabaseError: file is not a database
2026-06-11 02:50:47,592 ERROR hermes_cli.web_server: GET /api/sessions failed
Traceback (most recent call last):
  File "/Users/ktoclaw/.hermes/hermes-agent/hermes_cli/web_server.py", line 779, in get_sessions
    db = SessionDB()
         ^^^^^^^^^^^
  File "/Users/ktoclaw/.hermes/hermes-agent/hermes_state.py", line 353, in __init__
    apply_wal_with_fallback(self._conn, db_label="state.db")
  File "/Users/ktoclaw/.hermes/hermes-agent/hermes_state.py", line 152, in apply_wal_with_fallback
    conn.execute("PRAGMA journal_mode=WAL")
sqlite3.DatabaseError: file is not a database
2026-06-11 02:50:52,591 ERROR hermes_cli.web_server: GET /api/sessions failed
Traceback (most recent call last):
  File "/Users/ktoclaw/.hermes/hermes-agent/hermes_cli/web_server.py", line 779, in get_sessions
    db = SessionDB()
         ^^^^^^^^^^^
  File "/Users/ktoclaw/.hermes/hermes-agent/hermes_state.py", line 353, in __init__
    apply_wal_with_fallback(self._conn, db_label="state.db")
  File "/Users/ktoclaw/.hermes/hermes-agent/hermes_state.py", line 152, in apply_wal_with_fallback
    conn.execute("PRAGMA journal_mode=WAL")
sqlite3.DatabaseError: file is not a database
2026-06-11 02:50:57,588 ERROR hermes_cli.web_server: GET /api/sessions failed
Traceback (most recent call last):
  File "/Users/ktoclaw/.hermes/hermes-agent/hermes_cli/web_server.py", line 779, in get_sessions
    db = SessionDB()
         ^^^^^^^^^^^
  File "/Users/ktoclaw/.hermes/hermes-agent/hermes_state.py", line 353, in __init__
    apply_wal_with_fallback(self._conn, db_label="state.db")
  File "/Users/ktoclaw/.hermes/hermes-agent/hermes_state.py", line 152, in apply_wal_with_fallback
    conn.execute("PRAGMA journal_mode=WAL")
sqlite3.DatabaseError: file is not a database
2026-06-11 02:51:02,588 ERROR hermes_cli.web_server: GET /api/sessions failed
Traceback (most recent call last):
  File "/Users/ktoclaw/.hermes/hermes-agent/hermes_cli/web_server.py", line 779, in get_sessions
    db = SessionDB()
         ^^^^^^^^^^^
  File "/Users/ktoclaw/.hermes/hermes-agent/hermes_state.py", line 353, in __init__
    apply_wal_with_fallback(self._conn, db_label="state.db")
  File "/Users/ktoclaw/.hermes/hermes-agent/hermes_state.py", line 152, in apply_wal_with_fallback
    conn.execute("PRAGMA journal_mode=WAL")
sqlite3.DatabaseError: file is not a database
2026-06-11 02:51:07,592 ERROR hermes_cli.web_server: GET /api/sessions failed
Traceback (most recent call last):
  File "/Users/ktoclaw/.hermes/hermes-agent/hermes_cli/web_server.py", line 779, in get_sessions
    db = SessionDB()
         ^^^^^^^^^^^
  File "/Users/ktoclaw/.hermes/hermes-agent/hermes_state.py", line 353, in __init__
    apply_wal_with_fallback(self._conn, db_label="state.db")
  File "/Users/ktoclaw/.hermes/hermes-agent/hermes_state.py", line 152, in apply_wal_with_fallback
    conn.execute("PRAGMA journal_mode=WAL")
sqlite3.DatabaseError: file is not a database
2026-06-11 02:51:12,588 ERROR hermes_cli.web_server: GET /api/sessions failed
Traceback (most recent call last):
  File "/Users/ktoclaw/.hermes/hermes-agent/hermes_cli/web_server.py", line 779, in get_sessions
    db = SessionDB()
         ^^^^^^^^^^^
  File "/Users/ktoclaw/.hermes/hermes-agent/hermes_state.py", line 353, in __init__
    apply_wal_with_fallback(self._conn, db_label="state.db")
  File "/Users/ktoclaw/.hermes/hermes-agent/hermes_state.py", line 152, in apply_wal_with_fallback
    conn.execute("PRAGMA journal_mode=WAL")
sqlite3.DatabaseError: file is not a database
2026-06-11 02:51:17,594 ERROR hermes_cli.web_server: GET /api/sessions failed
Traceback (most recent call last):
  File "/Users/ktoclaw/.hermes/hermes-agent/hermes_cli/web_server.py", line 779, in get_sessions
    db = SessionDB()
         ^^^^^^^^^^^
  File "/Users/ktoclaw/.hermes/hermes-agent/hermes_state.py", line 353, in __init__
    apply_wal_with_fallback(self._conn, db_label="state.db")
  File "/Users/ktoclaw/.hermes/hermes-agent/hermes_state.py", line 152, in apply_wal_with_fallback
    conn.execute("PRAGMA journal_mode=WAL")
sqlite3.DatabaseError: file is not a database
2026-06-11 02:51:22,587 ERROR hermes_cli.web_server: GET /api/sessions failed
Traceback (most recent call last):
  File "/Users/ktoclaw/.hermes/hermes-agent/hermes_cli/web_server.py", line 779, in get_sessions
    db = SessionDB()
         ^^^^^^^^^^^
  File "/Users/ktoclaw/.hermes/hermes-agent/hermes_state.py", line 353, in __init__
    apply_wal_with_fallback(self._conn, db_label="state.db")
  File "/Users/ktoclaw/.hermes/hermes-agent/hermes_state.py", line 152, in apply_wal_with_fallback
    conn.execute("PRAGMA journal_mode=WAL")
sqlite3.DatabaseError: file is not a database
2026-06-11 02:51:27,587 ERROR hermes_cli.web_server: GET /api/sessions failed
Traceback (most recent call last):
  File "/Users/ktoclaw/.hermes/hermes-agent/hermes_cli/web_server.py", line 779, in get_sessions
    db = SessionDB()
         ^^^^^^^^^^^
  File "/Users/ktoclaw/.hermes/hermes-agent/hermes_state.py", line 353, in __init__
    apply_wal_with_fallback(self._conn, db_label="state.db")
  File "/Users/ktoclaw/.hermes/hermes-agent/hermes_state.py", line 152, in apply_wal_with_fallback
    conn.execute("PRAGMA journal_mode=WAL")
sqlite3.DatabaseError: file is not a database
2026-06-11 02:51:32,590 ERROR hermes_cli.web_server: GET /api/sessions failed
Traceback (most recent call last):
  File "/Users/ktoclaw/.hermes/hermes-agent/hermes_cli/web_server.py", line 779, in get_sessions
    db = SessionDB()
         ^^^^^^^^^^^
  File "/Users/ktoclaw/.hermes/hermes-agent/hermes_state.py", line 353, in __init__
    apply_wal_with_fallback(self._conn, db_label="state.db")
  File "/Users/ktoclaw/.hermes/hermes-agent/hermes_state.py", line 152, in apply_wal_with_fallback
    conn.execute("PRAGMA journal_mode=WAL")
sqlite3.DatabaseError: file is not a database
2026-06-11 02:51:37,649 ERROR hermes_cli.web_server: GET /api/sessions failed
Traceback (most recent call last):
  File "/Users/ktoclaw/.hermes/hermes-agent/hermes_cli/web_server.py", line 779, in get_sessions
    db = SessionDB()
         ^^^^^^^^^^^
  File "/Users/ktoclaw/.hermes/hermes-agent/hermes_state.py", line 353, in __init__
    apply_wal_with_fallback(self._conn, db_label="state.db")
  File "/Users/ktoclaw/.hermes/hermes-agent/hermes_state.py", line 152, in apply_wal_with_fallback
    conn.execute("PRAGMA journal_mode=WAL")
sqlite3.DatabaseError: file is not a database
2026-06-11 02:51:42,587 ERROR hermes_cli.web_server: GET /api/sessions failed
Traceback (most recent call last):
  File "/Users/ktoclaw/.hermes/hermes-agent/hermes_cli/web_server.py", line 779, in get_sessions
    db = SessionDB()
         ^^^^^^^^^^^
  File "/Users/ktoclaw/.hermes/hermes-agent/hermes_state.py", line 353, in __init__
    apply_wal_with_fallback(self._conn, db_label="state.db")
  File "/Users/ktoclaw/.hermes/hermes-agent/hermes_state.py", line 152, in apply_wal_with_fallback
    conn.execute("PRAGMA journal_mode=WAL")
sqlite3.DatabaseError: file is not a database
2026-06-11 02:51:47,592 ERROR hermes_cli.web_server: GET /api/sessions failed
Traceback (most recent call last):
  File "/Users/ktoclaw/.hermes/hermes-agent/hermes_cli/web_server.py", line 779, in get_sessions
    db = SessionDB()
         ^^^^^^^^^^^
  File "/Users/ktoclaw/.hermes/hermes-agent/hermes_state.py", line 353, in __init__
    apply_wal_with_fallback(self._conn, db_label="state.db")
  File "/Users/ktoclaw/.hermes/hermes-agent/hermes_state.py", line 152, in apply_wal_with_fallback
    conn.execute("PRAGMA journal_mode=WAL")
sqlite3.DatabaseError: file is not a database
2026-06-11 02:51:52,586 ERROR hermes_cli.web_server: GET /api/sessions failed
Traceback (most recent call last):
  File "/Users/ktoclaw/.hermes/hermes-agent/hermes_cli/web_server.py", line 779, in get_sessions
    db = SessionDB()
         ^^^^^^^^^^^
  File "/Users/ktoclaw/.hermes/hermes-agent/hermes_state.py", line 353, in __init__
    apply_wal_with_fallback(self._conn, db_label="state.db")
  File "/Users/ktoclaw/.hermes/hermes-agent/hermes_state.py", line 152, in apply_wal_with_fallback
    conn.execute("PRAGMA journal_mode=WAL")
sqlite3.DatabaseError: file is not a database
2026-06-11 02:51:57,593 ERROR hermes_cli.web_server: GET /api/sessions failed
Traceback (most recent call last):
  File "/Users/ktoclaw/.hermes/hermes-agent/hermes_cli/web_server.py", line 779, in get_sessions
    db = SessionDB()
         ^^^^^^^^^^^
  File "/Users/ktoclaw/.hermes/hermes-agent/hermes_state.py", line 353, in __init__
    apply_wal_with_fallback(self._conn, db_label="state.db")
  File "/Users/ktoclaw/.hermes/hermes-agent/hermes_state.py", line 152, in apply_wal_with_fallback
    conn.execute("PRAGMA journal_mode=WAL")
sqlite3.DatabaseError: file is not a database
2026-06-11 02:52:02,595 ERROR hermes_cli.web_server: GET /api/sessions failed
Traceback (most recent call last):
  File "/Users/ktoclaw/.hermes/hermes-agent/hermes_cli/web_server.py", line 779, in get_sessions
    db = SessionDB()
         ^^^^^^^^^^^
  File "/Users/ktoclaw/.hermes/hermes-agent/hermes_state.py", line 353, in __init__
    apply_wal_with_fallback(self._conn, db_label="state.db")
  File "/Users/ktoclaw/.hermes/hermes-agent/hermes_state.py", line 152, in apply_wal_with_fallback
    conn.execute("PRAGMA journal_mode=WAL")
sqlite3.DatabaseError: file is not a database
2026-06-11 02:52:07,590 ERROR hermes_cli.web_server: GET /api/sessions failed
Traceback (most recent call last):
  File "/Users/ktoclaw/.hermes/hermes-agent/hermes_cli/web_server.py", line 779, in get_sessions
    db = SessionDB()
         ^^^^^^^^^^^
  File "/Users/ktoclaw/.hermes/hermes-agent/hermes_state.py", line 353, in __init__
    apply_wal_with_fallback(self._conn, db_label="state.db")
  File "/Users/ktoclaw/.hermes/hermes-agent/hermes_state.py", line 152, in apply_wal_with_fallback
    conn.execute("PRAGMA journal_mode=WAL")
sqlite3.DatabaseError: file is not a database
2026-06-11 02:52:12,589 ERROR hermes_cli.web_server: GET /api/sessions failed
Traceback (most recent call last):
  File "/Users/ktoclaw/.hermes/hermes-agent/hermes_cli/web_server.py", line 779, in get_sessions
    db = SessionDB()
         ^^^^^^^^^^^
  File "/Users/ktoclaw/.hermes/hermes-agent/hermes_state.py", line 353, in __init__
    apply_wal_with_fallback(self._conn, db_label="state.db")
  File "/Users/ktoclaw/.hermes/hermes-agent/hermes_state.py", line 152, in apply_wal_with_fallback
    conn.execute("PRAGMA journal_mode=WAL")
sqlite3.DatabaseError: file is not a database
2026-06-11 02:52:17,587 ERROR hermes_cli.web_server: GET /api/sessions failed
Traceback (most recent call last):
  File "/Users/ktoclaw/.hermes/hermes-agent/hermes_cli/web_server.py", line 779, in get_sessions
    db = SessionDB()
         ^^^^^^^^^^^
  File "/Users/ktoclaw/.hermes/hermes-agent/hermes_state.py", line 353, in __init__
    apply_wal_with_fallback(self._conn, db_label="state.db")
  File "/Users/ktoclaw/.hermes/hermes-agent/hermes_state.py", line 152, in apply_wal_with_fallback
    conn.execute("PRAGMA journal_mode=WAL")
sqlite3.DatabaseError: file is not a database
2026-06-11 02:52:22,589 ERROR hermes_cli.web_server: GET /api/sessions failed
Traceback (most recent call last):
  File "/Users/ktoclaw/.hermes/hermes-agent/hermes_cli/web_server.py", line 779, in get_sessions
    db = SessionDB()
         ^^^^^^^^^^^
  File "/Users/ktoclaw/.hermes/hermes-agent/hermes_state.py", line 353, in __init__
    apply_wal_with_fallback(self._conn, db_label="state.db")
  File "/Users/ktoclaw/.hermes/hermes-agent/hermes_state.py", line 152, in apply_wal_with_fallback
    conn.execute("PRAGMA journal_mode=WAL")
sqlite3.DatabaseError: file is not a database
2026-06-11 02:52:27,588 ERROR hermes_cli.web_server: GET /api/sessions failed
Traceback (most recent call last):
  File "/Users/ktoclaw/.hermes/hermes-agent/hermes_cli/web_server.py", line 779, in get_sessions
    db = SessionDB()
         ^^^^^^^^^^^
  File "/Users/ktoclaw/.hermes/hermes-agent/hermes_state.py", line 353, in __init__
    apply_wal_with_fallback(self._conn, db_label="state.db")
  File "/Users/ktoclaw/.hermes/hermes-agent/hermes_state.py", line 152, in apply_wal_with_fallback
    conn.execute("PRAGMA journal_mode=WAL")
sqlite3.DatabaseError: file is not a database
2026-06-11 02:52:32,585 ERROR hermes_cli.web_server: GET /api/sessions failed
Traceback (most recent call last):
  File "/Users/ktoclaw/.hermes/hermes-agent/hermes_cli/web_server.py", line 779, in get_sessions
    db = SessionDB()
         ^^^^^^^^^^^
  File "/Users/ktoclaw/.hermes/hermes-agent/hermes_state.py", line 353, in __init__
    apply_wal_with_fallback(self._conn, db_label="state.db")
  File "/Users/ktoclaw/.hermes/hermes-agent/hermes_state.py", line 152, in apply_wal_with_fallback
    conn.execute("PRAGMA journal_mode=WAL")
sqlite3.DatabaseError: file is not a database
2026-06-11 02:52:37,587 ERROR hermes_cli.web_server: GET /api/sessions failed
Traceback (most recent call last):
  File "/Users/ktoclaw/.hermes/hermes-agent/hermes_cli/web_server.py", line 779, in get_sessions
    db = SessionDB()
         ^^^^^^^^^^^
  File "/Users/ktoclaw/.hermes/hermes-agent/hermes_state.py", line 353, in __init__
    apply_wal_with_fallback(self._conn, db_label="state.db")
  File "/Users/ktoclaw/.hermes/hermes-agent/hermes_state.py", line 152, in apply_wal_with_fallback
    conn.execute("PRAGMA journal_mode=WAL")
sqlite3.DatabaseError: file is not a database
2026-06-11 02:52:42,587 ERROR hermes_cli.web_server: GET /api/sessions failed
Traceback (most recent call last):
  File "/Users/ktoclaw/.hermes/hermes-agent/hermes_cli/web_server.py", line 779, in get_sessions
    db = SessionDB()
         ^^^^^^^^^^^
  File "/Users/ktoclaw/.hermes/hermes-agent/hermes_state.py", line 353, in __init__
    apply_wal_with_fallback(self._conn, db_label="state.db")
  File "/Users/ktoclaw/.hermes/hermes-agent/hermes_state.py", line 152, in apply_wal_with_fallback
    conn.execute("PRAGMA journal_mode=WAL")
sqlite3.DatabaseError: file is not a database
2026-06-11 02:52:47,590 ERROR hermes_cli.web_server: GET /api/sessions failed
Traceback (most recent call last):
  File "/Users/ktoclaw/.hermes/hermes-agent/hermes_cli/web_server.py", line 779, in get_sessions
    db = SessionDB()
         ^^^^^^^^^^^
  File "/Users/ktoclaw/.hermes/hermes-agent/hermes_state.py", line 353, in __init__
    apply_wal_with_fallback(self._conn, db_label="state.db")
  File "/Users/ktoclaw/.hermes/hermes-agent/hermes_state.py", line 152, in apply_wal_with_fallback
    conn.execute("PRAGMA journal_mode=WAL")
sqlite3.DatabaseError: file is not a database
2026-06-11 02:52:52,592 ERROR hermes_cli.web_server: GET /api/sessions failed
Traceback (most recent call last):
  File "/Users/ktoclaw/.hermes/hermes-agent/hermes_cli/web_server.py", line 779, in get_sessions
    db = SessionDB()
         ^^^^^^^^^^^
  File "/Users/ktoclaw/.hermes/hermes-agent/hermes_state.py", line 353, in __init__
    apply_wal_with_fallback(self._conn, db_label="state.db")
  File "/Users/ktoclaw/.hermes/hermes-agent/hermes_state.py", line 152, in apply_wal_with_fallback
    conn.execute("PRAGMA journal_mode=WAL")
sqlite3.DatabaseError: file is not a database
2026-06-11 02:52:57,589 ERROR hermes_cli.web_server: GET /api/sessions failed
Traceback (most recent call last):
  File "/Users/ktoclaw/.hermes/hermes-agent/hermes_cli/web_server.py", line 779, in get_sessions
    db = SessionDB()
         ^^^^^^^^^^^
  File "/Users/ktoclaw/.hermes/hermes-agent/hermes_state.py", line 353, in __init__
    apply_wal_with_fallback(self._conn, db_label="state.db")
  File "/Users/ktoclaw/.hermes/hermes-agent/hermes_state.py", line 152, in apply_wal_with_fallback
    conn.execute("PRAGMA journal_mode=WAL")
sqlite3.DatabaseError: file is not a database
2026-06-11 02:53:02,588 ERROR hermes_cli.web_server: GET /api/sessions failed
Traceback (most recent call last):
  File "/Users/ktoclaw/.hermes/hermes-agent/hermes_cli/web_server.py", line 779, in get_sessions
    db = SessionDB()
         ^^^^^^^^^^^
  File "/Users/ktoclaw/.hermes/hermes-agent/hermes_state.py", line 353, in __init__
    apply_wal_with_fallback(self._conn, db_label="state.db")
  File "/Users/ktoclaw/.hermes/hermes-agent/hermes_state.py", line 152, in apply_wal_with_fallback
    conn.execute("PRAGMA journal_mode=WAL")
sqlite3.DatabaseError: file is not a database
2026-06-11 02:53:07,590 ERROR hermes_cli.web_server: GET /api/sessions failed
Traceback (most recent call last):
  File "/Users/ktoclaw/.hermes/hermes-agent/hermes_cli/web_server.py", line 779, in get_sessions
    db = SessionDB()
         ^^^^^^^^^^^
  File "/Users/ktoclaw/.hermes/hermes-agent/hermes_state.py", line 353, in __init__
    apply_wal_with_fallback(self._conn, db_label="state.db")
  File "/Users/ktoclaw/.hermes/hermes-agent/hermes_state.py", line 152, in apply_wal_with_fallback
    conn.execute("PRAGMA journal_mode=WAL")
sqlite3.DatabaseError: file is not a database
2026-06-11 02:53:12,589 ERROR hermes_cli.web_server: GET /api/sessions failed
Traceback (most recent call last):
  File "/Users/ktoclaw/.hermes/hermes-agent/hermes_cli/web_server.py", line 779, in get_sessions
    db = SessionDB()
         ^^^^^^^^^^^
  File "/Users/ktoclaw/.hermes/hermes-agent/hermes_state.py", line 353, in __init__
    apply_wal_with_fallback(self._conn, db_label="state.db")
  File "/Users/ktoclaw/.hermes/hermes-agent/hermes_state.py", line 152, in apply_wal_with_fallback
    conn.execute("PRAGMA journal_mode=WAL")
sqlite3.DatabaseError: file is not a database
2026-06-11 02:53:17,597 ERROR hermes_cli.web_server: GET /api/sessions failed
Traceback (most recent call last):
  File "/Users/ktoclaw/.hermes/hermes-agent/hermes_cli/web_server.py", line 779, in get_sessions
    db = SessionDB()
         ^^^^^^^^^^^
  File "/Users/ktoclaw/.hermes/hermes-agent/hermes_state.py", line 353, in __init__
    apply_wal_with_fallback(self._conn, db_label="state.db")
  File "/Users/ktoclaw/.hermes/hermes-agent/hermes_state.py", line 152, in apply_wal_with_fallback
    conn.execute("PRAGMA journal_mode=WAL")
sqlite3.DatabaseError: file is not a database
2026-06-11 02:53:22,589 ERROR hermes_cli.web_server: GET /api/sessions failed
Traceback (most recent call last):
  File "/Users/ktoclaw/.hermes/hermes-agent/hermes_cli/web_server.py", line 779, in get_sessions
    db = SessionDB()
         ^^^^^^^^^^^
  File "/Users/ktoclaw/.hermes/hermes-agent/hermes_state.py", line 353, in __init__
    apply_wal_with_fallback(self._conn, db_label="state.db")
  File "/Users/ktoclaw/.hermes/hermes-agent/hermes_state.py", line 152, in apply_wal_with_fallback
    conn.execute("PRAGMA journal_mode=WAL")
sqlite3.DatabaseError: file is not a database
2026-06-11 02:53:27,587 ERROR hermes_cli.web_server: GET /api/sessions failed
Traceback (most recent call last):
  File "/Users/ktoclaw/.hermes/hermes-agent/hermes_cli/web_server.py", line 779, in get_sessions
    db = SessionDB()
         ^^^^^^^^^^^
  File "/Users/ktoclaw/.hermes/hermes-agent/hermes_state.py", line 353, in __init__
    apply_wal_with_fallback(self._conn, db_label="state.db")
  File "/Users/ktoclaw/.hermes/hermes-agent/hermes_state.py", line 152, in apply_wal_with_fallback
    conn.execute("PRAGMA journal_mode=WAL")
sqlite3.DatabaseError: file is not a database
2026-06-11 02:53:32,592 ERROR hermes_cli.web_server: GET /api/sessions failed
Traceback (most recent call last):
  File "/Users/ktoclaw/.hermes/hermes-agent/hermes_cli/web_server.py", line 779, in get_sessions
    db = SessionDB()
         ^^^^^^^^^^^
  File "/Users/ktoclaw/.hermes/hermes-agent/hermes_state.py", line 353, in __init__
    apply_wal_with_fallback(self._conn, db_label="state.db")
  File "/Users/ktoclaw/.hermes/hermes-agent/hermes_state.py", line 152, in apply_wal_with_fallback
    conn.execute("PRAGMA journal_mode=WAL")
sqlite3.DatabaseError: file is not a database
2026-06-11 02:53:37,591 ERROR hermes_cli.web_server: GET /api/sessions failed
Traceback (most recent call last):
  File "/Users/ktoclaw/.hermes/hermes-agent/hermes_cli/web_server.py", line 779, in get_sessions
    db = SessionDB()
         ^^^^^^^^^^^
  File "/Users/ktoclaw/.hermes/hermes-agent/hermes_state.py", line 353, in __init__
    apply_wal_with_fallback(self._conn, db_label="state.db")
  File "/Users/ktoclaw/.hermes/hermes-agent/hermes_state.py", line 152, in apply_wal_with_fallback
    conn.execute("PRAGMA journal_mode=WAL")
sqlite3.DatabaseError: file is not a database
2026-06-11 02:53:42,589 ERROR hermes_cli.web_server: GET /api/sessions failed
Traceback (most recent call last):
  File "/Users/ktoclaw/.hermes/hermes-agent/hermes_cli/web_server.py", line 779, in get_sessions
    db = SessionDB()
         ^^^^^^^^^^^
  File "/Users/ktoclaw/.hermes/hermes-agent/hermes_state.py", line 353, in __init__
    apply_wal_with_fallback(self._conn, db_label="state.db")
  File "/Users/ktoclaw/.hermes/hermes-agent/hermes_state.py", line 152, in apply_wal_with_fallback
    conn.execute("PRAGMA journal_mode=WAL")
sqlite3.DatabaseError: file is not a database
2026-06-11 02:53:47,596 ERROR hermes_cli.web_server: GET /api/sessions failed
Traceback (most recent call last):
  File "/Users/ktoclaw/.hermes/hermes-agent/hermes_cli/web_server.py", line 779, in get_sessions
    db = SessionDB()
         ^^^^^^^^^^^
  File "/Users/ktoclaw/.hermes/hermes-agent/hermes_state.py", line 353, in __init__
    apply_wal_with_fallback(self._conn, db_label="state.db")
  File "/Users/ktoclaw/.hermes/hermes-agent/hermes_state.py", line 152, in apply_wal_with_fallback
    conn.execute("PRAGMA journal_mode=WAL")
sqlite3.DatabaseError: file is not a database
2026-06-11 02:53:52,587 ERROR hermes_cli.web_server: GET /api/sessions failed
Traceback (most recent call last):
  File "/Users/ktoclaw/.hermes/hermes-agent/hermes_cli/web_server.py", line 779, in get_sessions
    db = SessionDB()
         ^^^^^^^^^^^
  File "/Users/ktoclaw/.hermes/hermes-agent/hermes_state.py", line 353, in __init__
    apply_wal_with_fallback(self._conn, db_label="state.db")
  File "/Users/ktoclaw/.hermes/hermes-agent/hermes_state.py", line 152, in apply_wal_with_fallback
    conn.execute("PRAGMA journal_mode=WAL")
sqlite3.DatabaseError: file is not a database
2026-06-11 02:53:57,590 ERROR hermes_cli.web_server: GET /api/sessions failed
Traceback (most recent call last):
  File "/Users/ktoclaw/.hermes/hermes-agent/hermes_cli/web_server.py", line 779, in get_sessions
    db = SessionDB()
         ^^^^^^^^^^^
  File "/Users/ktoclaw/.hermes/hermes-agent/hermes_state.py", line 353, in __init__
    apply_wal_with_fallback(self._conn, db_label="state.db")
  File "/Users/ktoclaw/.hermes/hermes-agent/hermes_state.py", line 152, in apply_wal_with_fallback
    conn.execute("PRAGMA journal_mode=WAL")
sqlite3.DatabaseError: file is not a database
2026-06-11 02:54:02,594 ERROR hermes_cli.web_server: GET /api/sessions failed
Traceback (most recent call last):
  File "/Users/ktoclaw/.hermes/hermes-agent/hermes_cli/web_server.py", line 779, in get_sessions
    db = SessionDB()
         ^^^^^^^^^^^
  File "/Users/ktoclaw/.hermes/hermes-agent/hermes_state.py", line 353, in __init__
    apply_wal_with_fallback(self._conn, db_label="state.db")
  File "/Users/ktoclaw/.hermes/hermes-agent/hermes_state.py", line 152, in apply_wal_with_fallback
    conn.execute("PRAGMA journal_mode=WAL")
sqlite3.DatabaseError: file is not a database
2026-06-11 02:54:07,594 ERROR hermes_cli.web_server: GET /api/sessions failed
Traceback (most recent call last):
  File "/Users/ktoclaw/.hermes/hermes-agent/hermes_cli/web_server.py", line 779, in get_sessions
    db = SessionDB()
         ^^^^^^^^^^^
  File "/Users/ktoclaw/.hermes/hermes-agent/hermes_state.py", line 353, in __init__
    apply_wal_with_fallback(self._conn, db_label="state.db")
  File "/Users/ktoclaw/.hermes/hermes-agent/hermes_state.py", line 152, in apply_wal_with_fallback
    conn.execute("PRAGMA journal_mode=WAL")
sqlite3.DatabaseError: file is not a database
2026-06-11 02:54:12,604 ERROR hermes_cli.web_server: GET /api/sessions failed
Traceback (most recent call last):
  File "/Users/ktoclaw/.hermes/hermes-agent/hermes_cli/web_server.py", line 779, in get_sessions
    db = SessionDB()
         ^^^^^^^^^^^
  File "/Users/ktoclaw/.hermes/hermes-agent/hermes_state.py", line 353, in __init__
    apply_wal_with_fallback(self._conn, db_label="state.db")
  File "/Users/ktoclaw/.hermes/hermes-agent/hermes_state.py", line 152, in apply_wal_with_fallback
    conn.execute("PRAGMA journal_mode=WAL")
sqlite3.DatabaseError: file is not a database
2026-06-11 02:54:17,594 ERROR hermes_cli.web_server: GET /api/sessions failed
Traceback (most recent call last):
  File "/Users/ktoclaw/.hermes/hermes-agent/hermes_cli/web_server.py", line 779, in get_sessions
    db = SessionDB()
         ^^^^^^^^^^^
  File "/Users/ktoclaw/.hermes/hermes-agent/hermes_state.py", line 353, in __init__
    apply_wal_with_fallback(self._conn, db_label="state.db")
  File "/Users/ktoclaw/.hermes/hermes-agent/hermes_state.py", line 152, in apply_wal_with_fallback
    conn.execute("PRAGMA journal_mode=WAL")
sqlite3.DatabaseError: file is not a database
2026-06-11 02:54:22,598 ERROR hermes_cli.web_server: GET /api/sessions failed
Traceback (most recent call last):
  File "/Users/ktoclaw/.hermes/hermes-agent/hermes_cli/web_server.py", line 779, in get_sessions
    db = SessionDB()
         ^^^^^^^^^^^
  File "/Users/ktoclaw/.hermes/hermes-agent/hermes_state.py", line 353, in __init__
    apply_wal_with_fallback(self._conn, db_label="state.db")
  File "/Users/ktoclaw/.hermes/hermes-agent/hermes_state.py", line 152, in apply_wal_with_fallback
    conn.execute("PRAGMA journal_mode=WAL")
sqlite3.DatabaseError: file is not a database
2026-06-11 02:54:27,592 ERROR hermes_cli.web_server: GET /api/sessions failed
Traceback (most recent call last):
  File "/Users/ktoclaw/.hermes/hermes-agent/hermes_cli/web_server.py", line 779, in get_sessions
    db = SessionDB()
         ^^^^^^^^^^^
  File "/Users/ktoclaw/.hermes/hermes-agent/hermes_state.py", line 353, in __init__
    apply_wal_with_fallback(self._conn, db_label="state.db")
  File "/Users/ktoclaw/.hermes/hermes-agent/hermes_state.py", line 152, in apply_wal_with_fallback
    conn.execute("PRAGMA journal_mode=WAL")
sqlite3.DatabaseError: file is not a database
2026-06-11 02:54:32,595 ERROR hermes_cli.web_server: GET /api/sessions failed
Traceback (most recent call last):
  File "/Users/ktoclaw/.hermes/hermes-agent/hermes_cli/web_server.py", line 779, in get_sessions
    db = SessionDB()
         ^^^^^^^^^^^
  File "/Users/ktoclaw/.hermes/hermes-agent/hermes_state.py", line 353, in __init__
    apply_wal_with_fallback(self._conn, db_label="state.db")
  File "/Users/ktoclaw/.hermes/hermes-agent/hermes_state.py", line 152, in apply_wal_with_fallback
    conn.execute("PRAGMA journal_mode=WAL")
sqlite3.DatabaseError: file is not a database
2026-06-11 02:54:37,596 ERROR hermes_cli.web_server: GET /api/sessions failed
Traceback (most recent call last):
  File "/Users/ktoclaw/.hermes/hermes-agent/hermes_cli/web_server.py", line 779, in get_sessions
    db = SessionDB()
         ^^^^^^^^^^^
  File "/Users/ktoclaw/.hermes/hermes-agent/hermes_state.py", line 353, in __init__
    apply_wal_with_fallback(self._conn, db_label="state.db")
  File "/Users/ktoclaw/.hermes/hermes-agent/hermes_state.py", line 152, in apply_wal_with_fallback
    conn.execute("PRAGMA journal_mode=WAL")
sqlite3.DatabaseError: file is not a database
2026-06-11 02:54:42,592 ERROR hermes_cli.web_server: GET /api/sessions failed
Traceback (most recent call last):
  File "/Users/ktoclaw/.hermes/hermes-agent/hermes_cli/web_server.py", line 779, in get_sessions
    db = SessionDB()
         ^^^^^^^^^^^
  File "/Users/ktoclaw/.hermes/hermes-agent/hermes_state.py", line 353, in __init__
    apply_wal_with_fallback(self._conn, db_label="state.db")
  File "/Users/ktoclaw/.hermes/hermes-agent/hermes_state.py", line 152, in apply_wal_with_fallback
    conn.execute("PRAGMA journal_mode=WAL")
sqlite3.DatabaseError: file is not a database
2026-06-11 02:54:47,590 ERROR hermes_cli.web_server: GET /api/sessions failed
Traceback (most recent call last):
  File "/Users/ktoclaw/.hermes/hermes-agent/hermes_cli/web_server.py", line 779, in get_sessions
    db = SessionDB()
         ^^^^^^^^^^^
  File "/Users/ktoclaw/.hermes/hermes-agent/hermes_state.py", line 353, in __init__
    apply_wal_with_fallback(self._conn, db_label="state.db")
  File "/Users/ktoclaw/.hermes/hermes-agent/hermes_state.py", line 152, in apply_wal_with_fallback
    conn.execute("PRAGMA journal_mode=WAL")
sqlite3.DatabaseError: file is not a database
2026-06-11 02:54:52,595 ERROR hermes_cli.web_server: GET /api/sessions failed
Traceback (most recent call last):
  File "/Users/ktoclaw/.hermes/hermes-agent/hermes_cli/web_server.py", line 779, in get_sessions
    db = SessionDB()
         ^^^^^^^^^^^
  File "/Users/ktoclaw/.hermes/hermes-agent/hermes_state.py", line 353, in __init__
    apply_wal_with_fallback(self._conn, db_label="state.db")
  File "/Users/ktoclaw/.hermes/hermes-agent/hermes_state.py", line 152, in apply_wal_with_fallback
    conn.execute("PRAGMA journal_mode=WAL")
sqlite3.DatabaseError: file is not a database
2026-06-11 02:54:57,593 ERROR hermes_cli.web_server: GET /api/sessions failed
Traceback (most recent call last):
  File "/Users/ktoclaw/.hermes/hermes-agent/hermes_cli/web_server.py", line 779, in get_sessions
    db = SessionDB()
         ^^^^^^^^^^^
  File "/Users/ktoclaw/.hermes/hermes-agent/hermes_state.py", line 353, in __init__
    apply_wal_with_fallback(self._conn, db_label="state.db")
  File "/Users/ktoclaw/.hermes/hermes-agent/hermes_state.py", line 152, in apply_wal_with_fallback
    conn.execute("PRAGMA journal_mode=WAL")
sqlite3.DatabaseError: file is not a database
2026-06-11 02:55:02,600 ERROR hermes_cli.web_server: GET /api/sessions failed
Traceback (most recent call last):
  File "/Users/ktoclaw/.hermes/hermes-agent/hermes_cli/web_server.py", line 779, in get_sessions
    db = SessionDB()
         ^^^^^^^^^^^
  File "/Users/ktoclaw/.hermes/hermes-agent/hermes_state.py", line 353, in __init__
    apply_wal_with_fallback(self._conn, db_label="state.db")
  File "/Users/ktoclaw/.hermes/hermes-agent/hermes_state.py", line 152, in apply_wal_with_fallback
    conn.execute("PRAGMA journal_mode=WAL")
sqlite3.DatabaseError: file is not a database
2026-06-11 02:55:07,592 ERROR hermes_cli.web_server: GET /api/sessions failed
Traceback (most recent call last):
  File "/Users/ktoclaw/.hermes/hermes-agent/hermes_cli/web_server.py", line 779, in get_sessions
    db = SessionDB()
         ^^^^^^^^^^^
  File "/Users/ktoclaw/.hermes/hermes-agent/hermes_state.py", line 353, in __init__
    apply_wal_with_fallback(self._conn, db_label="state.db")
  File "/Users/ktoclaw/.hermes/hermes-agent/hermes_state.py", line 152, in apply_wal_with_fallback
    conn.execute("PRAGMA journal_mode=WAL")
sqlite3.DatabaseError: file is not a database
2026-06-11 02:55:12,596 ERROR hermes_cli.web_server: GET /api/sessions failed
Traceback (most recent call last):
  File "/Users/ktoclaw/.hermes/hermes-agent/hermes_cli/web_server.py", line 779, in get_sessions
    db = SessionDB()
         ^^^^^^^^^^^
  File "/Users/ktoclaw/.hermes/hermes-agent/hermes_state.py", line 353, in __init__
    apply_wal_with_fallback(self._conn, db_label="state.db")
  File "/Users/ktoclaw/.hermes/hermes-agent/hermes_state.py", line 152, in apply_wal_with_fallback
    conn.execute("PRAGMA journal_mode=WAL")
sqlite3.DatabaseError: file is not a database
2026-06-11 02:55:17,593 ERROR hermes_cli.web_server: GET /api/sessions failed
Traceback (most recent call last):
  File "/Users/ktoclaw/.hermes/hermes-agent/hermes_cli/web_server.py", line 779, in get_sessions
    db = SessionDB()
         ^^^^^^^^^^^
  File "/Users/ktoclaw/.hermes/hermes-agent/hermes_state.py", line 353, in __init__
    apply_wal_with_fallback(self._conn, db_label="state.db")
  File "/Users/ktoclaw/.hermes/hermes-agent/hermes_state.py", line 152, in apply_wal_with_fallback
    conn.execute("PRAGMA journal_mode=WAL")
sqlite3.DatabaseError: file is not a database
2026-06-11 02:55:22,604 ERROR hermes_cli.web_server: GET /api/sessions failed
Traceback (most recent call last):
  File "/Users/ktoclaw/.hermes/hermes-agent/hermes_cli/web_server.py", line 779, in get_sessions
    db = SessionDB()
         ^^^^^^^^^^^
  File "/Users/ktoclaw/.hermes/hermes-agent/hermes_state.py", line 353, in __init__
    apply_wal_with_fallback(self._conn, db_label="state.db")
  File "/Users/ktoclaw/.hermes/hermes-agent/hermes_state.py", line 152, in apply_wal_with_fallback
    conn.execute("PRAGMA journal_mode=WAL")
sqlite3.DatabaseError: file is not a database
2026-06-11 02:55:27,596 ERROR hermes_cli.web_server: GET /api/sessions failed
Traceback (most recent call last):
  File "/Users/ktoclaw/.hermes/hermes-agent/hermes_cli/web_server.py", line 779, in get_sessions
    db = SessionDB()
         ^^^^^^^^^^^
  File "/Users/ktoclaw/.hermes/hermes-agent/hermes_state.py", line 353, in __init__
    apply_wal_with_fallback(self._conn, db_label="state.db")
  File "/Users/ktoclaw/.hermes/hermes-agent/hermes_state.py", line 152, in apply_wal_with_fallback
    conn.execute("PRAGMA journal_mode=WAL")
sqlite3.DatabaseError: file is not a database
2026-06-11 02:55:32,594 ERROR hermes_cli.web_server: GET /api/sessions failed
Traceback (most recent call last):
  File "/Users/ktoclaw/.hermes/hermes-agent/hermes_cli/web_server.py", line 779, in get_sessions
    db = SessionDB()
         ^^^^^^^^^^^
  File "/Users/ktoclaw/.hermes/hermes-agent/hermes_state.py", line 353, in __init__
    apply_wal_with_fallback(self._conn, db_label="state.db")
  File "/Users/ktoclaw/.hermes/hermes-agent/hermes_state.py", line 152, in apply_wal_with_fallback
    conn.execute("PRAGMA journal_mode=WAL")
sqlite3.DatabaseError: file is not a database
2026-06-11 02:55:37,593 ERROR hermes_cli.web_server: GET /api/sessions failed
Traceback (most recent call last):
  File "/Users/ktoclaw/.hermes/hermes-agent/hermes_cli/web_server.py", line 779, in get_sessions
    db = SessionDB()
         ^^^^^^^^^^^
  File "/Users/ktoclaw/.hermes/hermes-agent/hermes_state.py", line 353, in __init__
    apply_wal_with_fallback(self._conn, db_label="state.db")
  File "/Users/ktoclaw/.hermes/hermes-agent/hermes_state.py", line 152, in apply_wal_with_fallback
    conn.execute("PRAGMA journal_mode=WAL")
sqlite3.DatabaseError: file is not a database
2026-06-11 02:55:42,597 ERROR hermes_cli.web_server: GET /api/sessions failed
Traceback (most recent call last):
  File "/Users/ktoclaw/.hermes/hermes-agent/hermes_cli/web_server.py", line 779, in get_sessions
    db = SessionDB()
         ^^^^^^^^^^^
  File "/Users/ktoclaw/.hermes/hermes-agent/hermes_state.py", line 353, in __init__
    apply_wal_with_fallback(self._conn, db_label="state.db")
  File "/Users/ktoclaw/.hermes/hermes-agent/hermes_state.py", line 152, in apply_wal_with_fallback
    conn.execute("PRAGMA journal_mode=WAL")
sqlite3.DatabaseError: file is not a database
2026-06-11 02:55:47,597 ERROR hermes_cli.web_server: GET /api/sessions failed
Traceback (most recent call last):
  File "/Users/ktoclaw/.hermes/hermes-agent/hermes_cli/web_server.py", line 779, in get_sessions
    db = SessionDB()
         ^^^^^^^^^^^
  File "/Users/ktoclaw/.hermes/hermes-agent/hermes_state.py", line 353, in __init__
    apply_wal_with_fallback(self._conn, db_label="state.db")
  File "/Users/ktoclaw/.hermes/hermes-agent/hermes_state.py", line 152, in apply_wal_with_fallback
    conn.execute("PRAGMA journal_mode=WAL")
sqlite3.DatabaseError: file is not a database
2026-06-11 02:55:52,602 ERROR hermes_cli.web_server: GET /api/sessions failed
Traceback (most recent call last):
  File "/Users/ktoclaw/.hermes/hermes-agent/hermes_cli/web_server.py", line 779, in get_sessions
    db = SessionDB()
         ^^^^^^^^^^^
  File "/Users/ktoclaw/.hermes/hermes-agent/hermes_state.py", line 353, in __init__
    apply_wal_with_fallback(self._conn, db_label="state.db")
  File "/Users/ktoclaw/.hermes/hermes-agent/hermes_state.py", line 152, in apply_wal_with_fallback
    conn.execute("PRAGMA journal_mode=WAL")
sqlite3.DatabaseError: file is not a database
2026-06-11 02:55:57,596 ERROR hermes_cli.web_server: GET /api/sessions failed
Traceback (most recent call last):
  File "/Users/ktoclaw/.hermes/hermes-agent/hermes_cli/web_server.py", line 779, in get_sessions
    db = SessionDB()
         ^^^^^^^^^^^
  File "/Users/ktoclaw/.hermes/hermes-agent/hermes_state.py", line 353, in __init__
    apply_wal_with_fallback(self._conn, db_label="state.db")
  File "/Users/ktoclaw/.hermes/hermes-agent/hermes_state.py", line 152, in apply_wal_with_fallback
    conn.execute("PRAGMA journal_mode=WAL")
sqlite3.DatabaseError: file is not a database
2026-06-11 02:56:02,596 ERROR hermes_cli.web_server: GET /api/sessions failed
Traceback (most recent call last):
  File "/Users/ktoclaw/.hermes/hermes-agent/hermes_cli/web_server.py", line 779, in get_sessions
    db = SessionDB()
         ^^^^^^^^^^^
  File "/Users/ktoclaw/.hermes/hermes-agent/hermes_state.py", line 353, in __init__
    apply_wal_with_fallback(self._conn, db_label="state.db")
  File "/Users/ktoclaw/.hermes/hermes-agent/hermes_state.py", line 152, in apply_wal_with_fallback
    conn.execute("PRAGMA journal_mode=WAL")
sqlite3.DatabaseError: file is not a database
2026-06-11 02:56:07,598 ERROR hermes_cli.web_server: GET /api/sessions failed
Traceback (most recent call last):
  File "/Users/ktoclaw/.hermes/hermes-agent/hermes_cli/web_server.py", line 779, in get_sessions
    db = SessionDB()
         ^^^^^^^^^^^
  File "/Users/ktoclaw/.hermes/hermes-agent/hermes_state.py", line 353, in __init__
    apply_wal_with_fallback(self._conn, db_label="state.db")
  File "/Users/ktoclaw/.hermes/hermes-agent/hermes_state.py", line 152, in apply_wal_with_fallback
    conn.execute("PRAGMA journal_mode=WAL")
sqlite3.DatabaseError: file is not a database
2026-06-11 02:56:12,600 ERROR hermes_cli.web_server: GET /api/sessions failed
Traceback (most recent call last):
  File "/Users/ktoclaw/.hermes/hermes-agent/hermes_cli/web_server.py", line 779, in get_sessions
    db = SessionDB()
         ^^^^^^^^^^^
  File "/Users/ktoclaw/.hermes/hermes-agent/hermes_state.py", line 353, in __init__
    apply_wal_with_fallback(self._conn, db_label="state.db")
  File "/Users/ktoclaw/.hermes/hermes-agent/hermes_state.py", line 152, in apply_wal_with_fallback
    conn.execute("PRAGMA journal_mode=WAL")
sqlite3.DatabaseError: file is not a database
2026-06-11 02:56:17,600 ERROR hermes_cli.web_server: GET /api/sessions failed
Traceback (most recent call last):
  File "/Users/ktoclaw/.hermes/hermes-agent/hermes_cli/web_server.py", line 779, in get_sessions
    db = SessionDB()
         ^^^^^^^^^^^
  File "/Users/ktoclaw/.hermes/hermes-agent/hermes_state.py", line 353, in __init__
    apply_wal_with_fallback(self._conn, db_label="state.db")
  File "/Users/ktoclaw/.hermes/hermes-agent/hermes_state.py", line 152, in apply_wal_with_fallback
    conn.execute("PRAGMA journal_mode=WAL")
sqlite3.DatabaseError: file is not a database
2026-06-11 02:56:22,594 ERROR hermes_cli.web_server: GET /api/sessions failed
Traceback (most recent call last):
  File "/Users/ktoclaw/.hermes/hermes-agent/hermes_cli/web_server.py", line 779, in get_sessions
    db = SessionDB()
         ^^^^^^^^^^^
  File "/Users/ktoclaw/.hermes/hermes-agent/hermes_state.py", line 353, in __init__
    apply_wal_with_fallback(self._conn, db_label="state.db")
  File "/Users/ktoclaw/.hermes/hermes-agent/hermes_state.py", line 152, in apply_wal_with_fallback
    conn.execute("PRAGMA journal_mode=WAL")
sqlite3.DatabaseError: file is not a database
2026-06-11 02:56:27,594 ERROR hermes_cli.web_server: GET /api/sessions failed
Traceback (most recent call last):
  File "/Users/ktoclaw/.hermes/hermes-agent/hermes_cli/web_server.py", line 779, in get_sessions
    db = SessionDB()
         ^^^^^^^^^^^
  File "/Users/ktoclaw/.hermes/hermes-agent/hermes_state.py", line 353, in __init__
    apply_wal_with_fallback(self._conn, db_label="state.db")
  File "/Users/ktoclaw/.hermes/hermes-agent/hermes_state.py", line 152, in apply_wal_with_fallback
    conn.execute("PRAGMA journal_mode=WAL")
sqlite3.DatabaseError: file is not a database
2026-06-11 02:56:32,594 ERROR hermes_cli.web_server: GET /api/sessions failed
Traceback (most recent call last):
  File "/Users/ktoclaw/.hermes/hermes-agent/hermes_cli/web_server.py", line 779, in get_sessions
    db = SessionDB()
         ^^^^^^^^^^^
  File "/Users/ktoclaw/.hermes/hermes-agent/hermes_state.py", line 353, in __init__
    apply_wal_with_fallback(self._conn, db_label="state.db")
  File "/Users/ktoclaw/.hermes/hermes-agent/hermes_state.py", line 152, in apply_wal_with_fallback
    conn.execute("PRAGMA journal_mode=WAL")
sqlite3.DatabaseError: file is not a database
2026-06-11 02:56:37,594 ERROR hermes_cli.web_server: GET /api/sessions failed
Traceback (most recent call last):
  File "/Users/ktoclaw/.hermes/hermes-agent/hermes_cli/web_server.py", line 779, in get_sessions
    db = SessionDB()
         ^^^^^^^^^^^
  File "/Users/ktoclaw/.hermes/hermes-agent/hermes_state.py", line 353, in __init__
    apply_wal_with_fallback(self._conn, db_label="state.db")
  File "/Users/ktoclaw/.hermes/hermes-agent/hermes_state.py", line 152, in apply_wal_with_fallback
    conn.execute("PRAGMA journal_mode=WAL")
sqlite3.DatabaseError: file is not a database
2026-06-11 02:56:42,600 ERROR hermes_cli.web_server: GET /api/sessions failed
Traceback (most recent call last):
  File "/Users/ktoclaw/.hermes/hermes-agent/hermes_cli/web_server.py", line 779, in get_sessions
    db = SessionDB()
         ^^^^^^^^^^^
  File "/Users/ktoclaw/.hermes/hermes-agent/hermes_state.py", line 353, in __init__
    apply_wal_with_fallback(self._conn, db_label="state.db")
  File "/Users/ktoclaw/.hermes/hermes-agent/hermes_state.py", line 152, in apply_wal_with_fallback
    conn.execute("PRAGMA journal_mode=WAL")
sqlite3.DatabaseError: file is not a database
2026-06-11 02:56:47,602 ERROR hermes_cli.web_server: GET /api/sessions failed
Traceback (most recent call last):
  File "/Users/ktoclaw/.hermes/hermes-agent/hermes_cli/web_server.py", line 779, in get_sessions
    db = SessionDB()
         ^^^^^^^^^^^
  File "/Users/ktoclaw/.hermes/hermes-agent/hermes_state.py", line 353, in __init__
    apply_wal_with_fallback(self._conn, db_label="state.db")
  File "/Users/ktoclaw/.hermes/hermes-agent/hermes_state.py", line 152, in apply_wal_with_fallback
    conn.execute("PRAGMA journal_mode=WAL")
sqlite3.DatabaseError: file is not a database
2026-06-11 02:56:52,598 ERROR hermes_cli.web_server: GET /api/sessions failed
Traceback (most recent call last):
  File "/Users/ktoclaw/.hermes/hermes-agent/hermes_cli/web_server.py", line 779, in get_sessions
    db = SessionDB()
         ^^^^^^^^^^^
  File "/Users/ktoclaw/.hermes/hermes-agent/hermes_state.py", line 353, in __init__
    apply_wal_with_fallback(self._conn, db_label="state.db")
  File "/Users/ktoclaw/.hermes/hermes-agent/hermes_state.py", line 152, in apply_wal_with_fallback
    conn.execute("PRAGMA journal_mode=WAL")
sqlite3.DatabaseError: file is not a database
2026-06-11 02:56:57,600 ERROR hermes_cli.web_server: GET /api/sessions failed
Traceback (most recent call last):
  File "/Users/ktoclaw/.hermes/hermes-agent/hermes_cli/web_server.py", line 779, in get_sessions
    db = SessionDB()
         ^^^^^^^^^^^
  File "/Users/ktoclaw/.hermes/hermes-agent/hermes_state.py", line 353, in __init__
    apply_wal_with_fallback(self._conn, db_label="state.db")
  File "/Users/ktoclaw/.hermes/hermes-agent/hermes_state.py", line 152, in apply_wal_with_fallback
    conn.execute("PRAGMA journal_mode=WAL")
sqlite3.DatabaseError: file is not a database
2026-06-11 02:57:02,599 ERROR hermes_cli.web_server: GET /api/sessions failed
Traceback (most recent call last):
  File "/Users/ktoclaw/.hermes/hermes-agent/hermes_cli/web_server.py", line 779, in get_sessions
    db = SessionDB()
         ^^^^^^^^^^^
  File "/Users/ktoclaw/.hermes/hermes-agent/hermes_state.py", line 353, in __init__
    apply_wal_with_fallback(self._conn, db_label="state.db")
  File "/Users/ktoclaw/.hermes/hermes-agent/hermes_state.py", line 152, in apply_wal_with_fallback
    conn.execute("PRAGMA journal_mode=WAL")
sqlite3.DatabaseError: file is not a database
2026-06-11 02:57:07,599 ERROR hermes_cli.web_server: GET /api/sessions failed
Traceback (most recent call last):
  File "/Users/ktoclaw/.hermes/hermes-agent/hermes_cli/web_server.py", line 779, in get_sessions
    db = SessionDB()
         ^^^^^^^^^^^
  File "/Users/ktoclaw/.hermes/hermes-agent/hermes_state.py", line 353, in __init__
    apply_wal_with_fallback(self._conn, db_label="state.db")
  File "/Users/ktoclaw/.hermes/hermes-agent/hermes_state.py", line 152, in apply_wal_with_fallback
    conn.execute("PRAGMA journal_mode=WAL")
sqlite3.DatabaseError: file is not a database
2026-06-11 02:57:12,601 ERROR hermes_cli.web_server: GET /api/sessions failed
Traceback (most recent call last):
  File "/Users/ktoclaw/.hermes/hermes-agent/hermes_cli/web_server.py", line 779, in get_sessions
    db = SessionDB()
         ^^^^^^^^^^^
  File "/Users/ktoclaw/.hermes/hermes-agent/hermes_state.py", line 353, in __init__
    apply_wal_with_fallback(self._conn, db_label="state.db")
  File "/Users/ktoclaw/.hermes/hermes-agent/hermes_state.py", line 152, in apply_wal_with_fallback
    conn.execute("PRAGMA journal_mode=WAL")
sqlite3.DatabaseError: file is not a database
2026-06-11 02:57:17,603 ERROR hermes_cli.web_server: GET /api/sessions failed
Traceback (most recent call last):
  File "/Users/ktoclaw/.hermes/hermes-agent/hermes_cli/web_server.py", line 779, in get_sessions
    db = SessionDB()
         ^^^^^^^^^^^
  File "/Users/ktoclaw/.hermes/hermes-agent/hermes_state.py", line 353, in __init__
    apply_wal_with_fallback(self._conn, db_label="state.db")
  File "/Users/ktoclaw/.hermes/hermes-agent/hermes_state.py", line 152, in apply_wal_with_fallback
    conn.execute("PRAGMA journal_mode=WAL")
sqlite3.DatabaseError: file is not a database
2026-06-11 02:57:22,594 ERROR hermes_cli.web_server: GET /api/sessions failed
Traceback (most recent call last):
  File "/Users/ktoclaw/.hermes/hermes-agent/hermes_cli/web_server.py", line 779, in get_sessions
    db = SessionDB()
         ^^^^^^^^^^^
  File "/Users/ktoclaw/.hermes/hermes-agent/hermes_state.py", line 353, in __init__
    apply_wal_with_fallback(self._conn, db_label="state.db")
  File "/Users/ktoclaw/.hermes/hermes-agent/hermes_state.py", line 152, in apply_wal_with_fallback
    conn.execute("PRAGMA journal_mode=WAL")
sqlite3.DatabaseError: file is not a database
2026-06-11 02:57:27,599 ERROR hermes_cli.web_server: GET /api/sessions failed
Traceback (most recent call last):
  File "/Users/ktoclaw/.hermes/hermes-agent/hermes_cli/web_server.py", line 779, in get_sessions
    db = SessionDB()
         ^^^^^^^^^^^
  File "/Users/ktoclaw/.hermes/hermes-agent/hermes_state.py", line 353, in __init__
    apply_wal_with_fallback(self._conn, db_label="state.db")
  File "/Users/ktoclaw/.hermes/hermes-agent/hermes_state.py", line 152, in apply_wal_with_fallback
    conn.execute("PRAGMA journal_mode=WAL")
sqlite3.DatabaseError: file is not a database
2026-06-11 02:57:32,601 ERROR hermes_cli.web_server: GET /api/sessions failed
Traceback (most recent call last):
  File "/Users/ktoclaw/.hermes/hermes-agent/hermes_cli/web_server.py", line 779, in get_sessions
    db = SessionDB()
         ^^^^^^^^^^^
  File "/Users/ktoclaw/.hermes/hermes-agent/hermes_state.py", line 353, in __init__
    apply_wal_with_fallback(self._conn, db_label="state.db")
  File "/Users/ktoclaw/.hermes/hermes-agent/hermes_state.py", line 152, in apply_wal_with_fallback
    conn.execute("PRAGMA journal_mode=WAL")
sqlite3.DatabaseError: file is not a database
2026-06-11 02:57:37,607 ERROR hermes_cli.web_server: GET /api/sessions failed
Traceback (most recent call last):
  File "/Users/ktoclaw/.hermes/hermes-agent/hermes_cli/web_server.py", line 779, in get_sessions
    db = SessionDB()
         ^^^^^^^^^^^
  File "/Users/ktoclaw/.hermes/hermes-agent/hermes_state.py", line 353, in __init__
    apply_wal_with_fallback(self._conn, db_label="state.db")
  File "/Users/ktoclaw/.hermes/hermes-agent/hermes_state.py", line 152, in apply_wal_with_fallback
    conn.execute("PRAGMA journal_mode=WAL")
sqlite3.DatabaseError: file is not a database
2026-06-11 02:57:42,600 ERROR hermes_cli.web_server: GET /api/sessions failed
Traceback (most recent call last):
  File "/Users/ktoclaw/.hermes/hermes-agent/hermes_cli/web_server.py", line 779, in get_sessions
    db = SessionDB()
         ^^^^^^^^^^^
  File "/Users/ktoclaw/.hermes/hermes-agent/hermes_state.py", line 353, in __init__
    apply_wal_with_fallback(self._conn, db_label="state.db")
  File "/Users/ktoclaw/.hermes/hermes-agent/hermes_state.py", line 152, in apply_wal_with_fallback
    conn.execute("PRAGMA journal_mode=WAL")
sqlite3.DatabaseError: file is not a database
2026-06-11 02:57:47,598 ERROR hermes_cli.web_server: GET /api/sessions failed
Traceback (most recent call last):
  File "/Users/ktoclaw/.hermes/hermes-agent/hermes_cli/web_server.py", line 779, in get_sessions
    db = SessionDB()
         ^^^^^^^^^^^
  File "/Users/ktoclaw/.hermes/hermes-agent/hermes_state.py", line 353, in __init__
    apply_wal_with_fallback(self._conn, db_label="state.db")
  File "/Users/ktoclaw/.hermes/hermes-agent/hermes_state.py", line 152, in apply_wal_with_fallback
    conn.execute("PRAGMA journal_mode=WAL")
sqlite3.DatabaseError: file is not a database
2026-06-11 02:57:52,598 ERROR hermes_cli.web_server: GET /api/sessions failed
Traceback (most recent call last):
  File "/Users/ktoclaw/.hermes/hermes-agent/hermes_cli/web_server.py", line 779, in get_sessions
    db = SessionDB()
         ^^^^^^^^^^^
  File "/Users/ktoclaw/.hermes/hermes-agent/hermes_state.py", line 353, in __init__
    apply_wal_with_fallback(self._conn, db_label="state.db")
  File "/Users/ktoclaw/.hermes/hermes-agent/hermes_state.py", line 152, in apply_wal_with_fallback
    conn.execute("PRAGMA journal_mode=WAL")
sqlite3.DatabaseError: file is not a database
2026-06-11 02:57:57,598 ERROR hermes_cli.web_server: GET /api/sessions failed
Traceback (most recent call last):
  File "/Users/ktoclaw/.hermes/hermes-agent/hermes_cli/web_server.py", line 779, in get_sessions
    db = SessionDB()
         ^^^^^^^^^^^
  File "/Users/ktoclaw/.hermes/hermes-agent/hermes_state.py", line 353, in __init__
    apply_wal_with_fallback(self._conn, db_label="state.db")
  File "/Users/ktoclaw/.hermes/hermes-agent/hermes_state.py", line 152, in apply_wal_with_fallback
    conn.execute("PRAGMA journal_mode=WAL")
sqlite3.DatabaseError: file is not a database
2026-06-11 02:58:02,597 ERROR hermes_cli.web_server: GET /api/sessions failed
Traceback (most recent call last):
  File "/Users/ktoclaw/.hermes/hermes-agent/hermes_cli/web_server.py", line 779, in get_sessions
    db = SessionDB()
         ^^^^^^^^^^^
  File "/Users/ktoclaw/.hermes/hermes-agent/hermes_state.py", line 353, in __init__
    apply_wal_with_fallback(self._conn, db_label="state.db")
  File "/Users/ktoclaw/.hermes/hermes-agent/hermes_state.py", line 152, in apply_wal_with_fallback
    conn.execute("PRAGMA journal_mode=WAL")
sqlite3.DatabaseError: file is not a database
2026-06-11 02:58:07,599 ERROR hermes_cli.web_server: GET /api/sessions failed
Traceback (most recent call last):
  File "/Users/ktoclaw/.hermes/hermes-agent/hermes_cli/web_server.py", line 779, in get_sessions
    db = SessionDB()
         ^^^^^^^^^^^
  File "/Users/ktoclaw/.hermes/hermes-agent/hermes_state.py", line 353, in __init__
    apply_wal_with_fallback(self._conn, db_label="state.db")
  File "/Users/ktoclaw/.hermes/hermes-agent/hermes_state.py", line 152, in apply_wal_with_fallback
    conn.execute("PRAGMA journal_mode=WAL")
sqlite3.DatabaseError: file is not a database
2026-06-11 02:58:12,600 ERROR hermes_cli.web_server: GET /api/sessions failed
Traceback (most recent call last):
  File "/Users/ktoclaw/.hermes/hermes-agent/hermes_cli/web_server.py", line 779, in get_sessions
    db = SessionDB()
         ^^^^^^^^^^^
  File "/Users/ktoclaw/.hermes/hermes-agent/hermes_state.py", line 353, in __init__
    apply_wal_with_fallback(self._conn, db_label="state.db")
  File "/Users/ktoclaw/.hermes/hermes-agent/hermes_state.py", line 152, in apply_wal_with_fallback
    conn.execute("PRAGMA journal_mode=WAL")
sqlite3.DatabaseError: file is not a database
2026-06-11 02:58:17,600 ERROR hermes_cli.web_server: GET /api/sessions failed
Traceback (most recent call last):
  File "/Users/ktoclaw/.hermes/hermes-agent/hermes_cli/web_server.py", line 779, in get_sessions
    db = SessionDB()
         ^^^^^^^^^^^
  File "/Users/ktoclaw/.hermes/hermes-agent/hermes_state.py", line 353, in __init__
    apply_wal_with_fallback(self._conn, db_label="state.db")
  File "/Users/ktoclaw/.hermes/hermes-agent/hermes_state.py", line 152, in apply_wal_with_fallback
    conn.execute("PRAGMA journal_mode=WAL")
sqlite3.DatabaseError: file is not a database
2026-06-11 02:58:22,599 ERROR hermes_cli.web_server: GET /api/sessions failed
Traceback (most recent call last):
  File "/Users/ktoclaw/.hermes/hermes-agent/hermes_cli/web_server.py", line 779, in get_sessions
    db = SessionDB()
         ^^^^^^^^^^^
  File "/Users/ktoclaw/.hermes/hermes-agent/hermes_state.py", line 353, in __init__
    apply_wal_with_fallback(self._conn, db_label="state.db")
  File "/Users/ktoclaw/.hermes/hermes-agent/hermes_state.py", line 152, in apply_wal_with_fallback
    conn.execute("PRAGMA journal_mode=WAL")
sqlite3.DatabaseError: file is not a database
2026-06-11 02:58:27,597 ERROR hermes_cli.web_server: GET /api/sessions failed
Traceback (most recent call last):
  File "/Users/ktoclaw/.hermes/hermes-agent/hermes_cli/web_server.py", line 779, in get_sessions
    db = SessionDB()
         ^^^^^^^^^^^
  File "/Users/ktoclaw/.hermes/hermes-agent/hermes_state.py", line 353, in __init__
    apply_wal_with_fallback(self._conn, db_label="state.db")
  File "/Users/ktoclaw/.hermes/hermes-agent/hermes_state.py", line 152, in apply_wal_with_fallback
    conn.execute("PRAGMA journal_mode=WAL")
sqlite3.DatabaseError: file is not a database
2026-06-11 02:58:32,600 ERROR hermes_cli.web_server: GET /api/sessions failed
Traceback (most recent call last):
  File "/Users/ktoclaw/.hermes/hermes-agent/hermes_cli/web_server.py", line 779, in get_sessions
    db = SessionDB()
         ^^^^^^^^^^^
  File "/Users/ktoclaw/.hermes/hermes-agent/hermes_state.py", line 353, in __init__
    apply_wal_with_fallback(self._conn, db_label="state.db")
  File "/Users/ktoclaw/.hermes/hermes-agent/hermes_state.py", line 152, in apply_wal_with_fallback
    conn.execute("PRAGMA journal_mode=WAL")
sqlite3.DatabaseError: file is not a database
2026-06-11 02:58:37,602 ERROR hermes_cli.web_server: GET /api/sessions failed
Traceback (most recent call last):
  File "/Users/ktoclaw/.hermes/hermes-agent/hermes_cli/web_server.py", line 779, in get_sessions
    db = SessionDB()
         ^^^^^^^^^^^
  File "/Users/ktoclaw/.hermes/hermes-agent/hermes_state.py", line 353, in __init__
    apply_wal_with_fallback(self._conn, db_label="state.db")
  File "/Users/ktoclaw/.hermes/hermes-agent/hermes_state.py", line 152, in apply_wal_with_fallback
    conn.execute("PRAGMA journal_mode=WAL")
sqlite3.DatabaseError: file is not a database
2026-06-11 02:58:42,600 ERROR hermes_cli.web_server: GET /api/sessions failed
Traceback (most recent call last):
  File "/Users/ktoclaw/.hermes/hermes-agent/hermes_cli/web_server.py", line 779, in get_sessions
    db = SessionDB()
         ^^^^^^^^^^^
  File "/Users/ktoclaw/.hermes/hermes-agent/hermes_state.py", line 353, in __init__
    apply_wal_with_fallback(self._conn, db_label="state.db")
  File "/Users/ktoclaw/.hermes/hermes-agent/hermes_state.py", line 152, in apply_wal_with_fallback
    conn.execute("PRAGMA journal_mode=WAL")
sqlite3.DatabaseError: file is not a database
2026-06-11 02:58:47,598 ERROR hermes_cli.web_server: GET /api/sessions failed
Traceback (most recent call last):
  File "/Users/ktoclaw/.hermes/hermes-agent/hermes_cli/web_server.py", line 779, in get_sessions
    db = SessionDB()
         ^^^^^^^^^^^
  File "/Users/ktoclaw/.hermes/hermes-agent/hermes_state.py", line 353, in __init__
    apply_wal_with_fallback(self._conn, db_label="state.db")
  File "/Users/ktoclaw/.hermes/hermes-agent/hermes_state.py", line 152, in apply_wal_with_fallback
    conn.execute("PRAGMA journal_mode=WAL")
sqlite3.DatabaseError: file is not a database
2026-06-11 02:58:52,602 ERROR hermes_cli.web_server: GET /api/sessions failed
Traceback (most recent call last):
  File "/Users/ktoclaw/.hermes/hermes-agent/hermes_cli/web_server.py", line 779, in get_sessions
    db = SessionDB()
         ^^^^^^^^^^^
  File "/Users/ktoclaw/.hermes/hermes-agent/hermes_state.py", line 353, in __init__
    apply_wal_with_fallback(self._conn, db_label="state.db")
  File "/Users/ktoclaw/.hermes/hermes-agent/hermes_state.py", line 152, in apply_wal_with_fallback
    conn.execute("PRAGMA journal_mode=WAL")
sqlite3.DatabaseError: file is not a database
2026-06-11 02:58:57,602 ERROR hermes_cli.web_server: GET /api/sessions failed
Traceback (most recent call last):
  File "/Users/ktoclaw/.hermes/hermes-agent/hermes_cli/web_server.py", line 779, in get_sessions
    db = SessionDB()
         ^^^^^^^^^^^
  File "/Users/ktoclaw/.hermes/hermes-agent/hermes_state.py", line 353, in __init__
    apply_wal_with_fallback(self._conn, db_label="state.db")
  File "/Users/ktoclaw/.hermes/hermes-agent/hermes_state.py", line 152, in apply_wal_with_fallback
    conn.execute("PRAGMA journal_mode=WAL")
sqlite3.DatabaseError: file is not a database
2026-06-11 02:59:02,657 ERROR hermes_cli.web_server: GET /api/sessions failed
Traceback (most recent call last):
  File "/Users/ktoclaw/.hermes/hermes-agent/hermes_cli/web_server.py", line 779, in get_sessions
    db = SessionDB()
         ^^^^^^^^^^^
  File "/Users/ktoclaw/.hermes/hermes-agent/hermes_state.py", line 353, in __init__
    apply_wal_with_fallback(self._conn, db_label="state.db")
  File "/Users/ktoclaw/.hermes/hermes-agent/hermes_state.py", line 152, in apply_wal_with_fallback
    conn.execute("PRAGMA journal_mode=WAL")
sqlite3.DatabaseError: file is not a database
2026-06-11 02:59:07,599 ERROR hermes_cli.web_server: GET /api/sessions failed
Traceback (most recent call last):
  File "/Users/ktoclaw/.hermes/hermes-agent/hermes_cli/web_server.py", line 779, in get_sessions
    db = SessionDB()
         ^^^^^^^^^^^
  File "/Users/ktoclaw/.hermes/hermes-agent/hermes_state.py", line 353, in __init__
    apply_wal_with_fallback(self._conn, db_label="state.db")
  File "/Users/ktoclaw/.hermes/hermes-agent/hermes_state.py", line 152, in apply_wal_with_fallback
    conn.execute("PRAGMA journal_mode=WAL")
sqlite3.DatabaseError: file is not a database
2026-06-11 02:59:12,598 ERROR hermes_cli.web_server: GET /api/sessions failed
Traceback (most recent call last):
  File "/Users/ktoclaw/.hermes/hermes-agent/hermes_cli/web_server.py", line 779, in get_sessions
    db = SessionDB()
         ^^^^^^^^^^^
  File "/Users/ktoclaw/.hermes/hermes-agent/hermes_state.py", line 353, in __init__
    apply_wal_with_fallback(self._conn, db_label="state.db")
  File "/Users/ktoclaw/.hermes/hermes-agent/hermes_state.py", line 152, in apply_wal_with_fallback
    conn.execute("PRAGMA journal_mode=WAL")
sqlite3.DatabaseError: file is not a database
2026-06-11 02:59:17,600 ERROR hermes_cli.web_server: GET /api/sessions failed
Traceback (most recent call last):
  File "/Users/ktoclaw/.hermes/hermes-agent/hermes_cli/web_server.py", line 779, in get_sessions
    db = SessionDB()
         ^^^^^^^^^^^
  File "/Users/ktoclaw/.hermes/hermes-agent/hermes_state.py", line 353, in __init__
    apply_wal_with_fallback(self._conn, db_label="state.db")
  File "/Users/ktoclaw/.hermes/hermes-agent/hermes_state.py", line 152, in apply_wal_with_fallback
    conn.execute("PRAGMA journal_mode=WAL")
sqlite3.DatabaseError: file is not a database
2026-06-11 02:59:22,599 ERROR hermes_cli.web_server: GET /api/sessions failed
Traceback (most recent call last):
  File "/Users/ktoclaw/.hermes/hermes-agent/hermes_cli/web_server.py", line 779, in get_sessions
    db = SessionDB()
         ^^^^^^^^^^^
  File "/Users/ktoclaw/.hermes/hermes-agent/hermes_state.py", line 353, in __init__
    apply_wal_with_fallback(self._conn, db_label="state.db")
  File "/Users/ktoclaw/.hermes/hermes-agent/hermes_state.py", line 152, in apply_wal_with_fallback
    conn.execute("PRAGMA journal_mode=WAL")
sqlite3.DatabaseError: file is not a database
2026-06-11 02:59:27,600 ERROR hermes_cli.web_server: GET /api/sessions failed
Traceback (most recent call last):
  File "/Users/ktoclaw/.hermes/hermes-agent/hermes_cli/web_server.py", line 779, in get_sessions
    db = SessionDB()
         ^^^^^^^^^^^
  File "/Users/ktoclaw/.hermes/hermes-agent/hermes_state.py", line 353, in __init__
    apply_wal_with_fallback(self._conn, db_label="state.db")
  File "/Users/ktoclaw/.hermes/hermes-agent/hermes_state.py", line 152, in apply_wal_with_fallback
    conn.execute("PRAGMA journal_mode=WAL")
sqlite3.DatabaseError: file is not a database
2026-06-11 02:59:32,601 ERROR hermes_cli.web_server: GET /api/sessions failed
Traceback (most recent call last):
  File "/Users/ktoclaw/.hermes/hermes-agent/hermes_cli/web_server.py", line 779, in get_sessions
    db = SessionDB()
         ^^^^^^^^^^^
  File "/Users/ktoclaw/.hermes/hermes-agent/hermes_state.py", line 353, in __init__
    apply_wal_with_fallback(self._conn, db_label="state.db")
  File "/Users/ktoclaw/.hermes/hermes-agent/hermes_state.py", line 152, in apply_wal_with_fallback
    conn.execute("PRAGMA journal_mode=WAL")
sqlite3.DatabaseError: file is not a database
2026-06-11 02:59:37,611 ERROR hermes_cli.web_server: GET /api/sessions failed
Traceback (most recent call last):
  File "/Users/ktoclaw/.hermes/hermes-agent/hermes_cli/web_server.py", line 779, in get_sessions
    db = SessionDB()
         ^^^^^^^^^^^
  File "/Users/ktoclaw/.hermes/hermes-agent/hermes_state.py", line 353, in __init__
    apply_wal_with_fallback(self._conn, db_label="state.db")
  File "/Users/ktoclaw/.hermes/hermes-agent/hermes_state.py", line 152, in apply_wal_with_fallback
    conn.execute("PRAGMA journal_mode=WAL")
sqlite3.DatabaseError: file is not a database
2026-06-11 02:59:42,620 ERROR hermes_cli.web_server: GET /api/sessions failed
Traceback (most recent call last):
  File "/Users/ktoclaw/.hermes/hermes-agent/hermes_cli/web_server.py", line 779, in get_sessions
    db = SessionDB()
         ^^^^^^^^^^^
  File "/Users/ktoclaw/.hermes/hermes-agent/hermes_state.py", line 353, in __init__
    apply_wal_with_fallback(self._conn, db_label="state.db")
  File "/Users/ktoclaw/.hermes/hermes-agent/hermes_state.py", line 152, in apply_wal_with_fallback
    conn.execute("PRAGMA journal_mode=WAL")
sqlite3.DatabaseError: file is not a database
2026-06-11 02:59:47,622 ERROR hermes_cli.web_server: GET /api/sessions failed
Traceback (most recent call last):
  File "/Users/ktoclaw/.hermes/hermes-agent/hermes_cli/web_server.py", line 779, in get_sessions
    db = SessionDB()
         ^^^^^^^^^^^
  File "/Users/ktoclaw/.hermes/hermes-agent/hermes_state.py", line 353, in __init__
    apply_wal_with_fallback(self._conn, db_label="state.db")
  File "/Users/ktoclaw/.hermes/hermes-agent/hermes_state.py", line 152, in apply_wal_with_fallback
    conn.execute("PRAGMA journal_mode=WAL")
sqlite3.DatabaseError: file is not a database
2026-06-11 02:59:52,626 ERROR hermes_cli.web_server: GET /api/sessions failed
Traceback (most recent call last):
  File "/Users/ktoclaw/.hermes/hermes-agent/hermes_cli/web_server.py", line 779, in get_sessions
    db = SessionDB()
         ^^^^^^^^^^^
  File "/Users/ktoclaw/.hermes/hermes-agent/hermes_state.py", line 353, in __init__
    apply_wal_with_fallback(self._conn, db_label="state.db")
  File "/Users/ktoclaw/.hermes/hermes-agent/hermes_state.py", line 152, in apply_wal_with_fallback
    conn.execute("PRAGMA journal_mode=WAL")
sqlite3.DatabaseError: file is not a database
2026-06-11 02:59:57,633 ERROR hermes_cli.web_server: GET /api/sessions failed
Traceback (most recent call last):
  File "/Users/ktoclaw/.hermes/hermes-agent/hermes_cli/web_server.py", line 779, in get_sessions
    db = SessionDB()
         ^^^^^^^^^^^
  File "/Users/ktoclaw/.hermes/hermes-agent/hermes_state.py", line 353, in __init__
    apply_wal_with_fallback(self._conn, db_label="state.db")
  File "/Users/ktoclaw/.hermes/hermes-agent/hermes_state.py", line 152, in apply_wal_with_fallback
    conn.execute("PRAGMA journal_mode=WAL")
sqlite3.DatabaseError: file is not a database
2026-06-11 03:00:02,638 ERROR hermes_cli.web_server: GET /api/sessions failed
Traceback (most recent call last):
  File "/Users/ktoclaw/.hermes/hermes-agent/hermes_cli/web_server.py", line 779, in get_sessions
    db = SessionDB()
         ^^^^^^^^^^^
  File "/Users/ktoclaw/.hermes/hermes-agent/hermes_state.py", line 353, in __init__
    apply_wal_with_fallback(self._conn, db_label="state.db")
  File "/Users/ktoclaw/.hermes/hermes-agent/hermes_state.py", line 152, in apply_wal_with_fallback
    conn.execute("PRAGMA journal_mode=WAL")
sqlite3.DatabaseError: file is not a database
2026-06-11 03:00:07,641 ERROR hermes_cli.web_server: GET /api/sessions failed
Traceback (most recent call last):
  File "/Users/ktoclaw/.hermes/hermes-agent/hermes_cli/web_server.py", line 779, in get_sessions
    db = SessionDB()
         ^^^^^^^^^^^
  File "/Users/ktoclaw/.hermes/hermes-agent/hermes_state.py", line 353, in __init__
    apply_wal_with_fallback(self._conn, db_label="state.db")
  File "/Users/ktoclaw/.hermes/hermes-agent/hermes_state.py", line 152, in apply_wal_with_fallback
    conn.execute("PRAGMA journal_mode=WAL")
sqlite3.DatabaseError: file is not a database
2026-06-11 03:00:12,641 ERROR hermes_cli.web_server: GET /api/sessions failed
Traceback (most recent call last):
  File "/Users/ktoclaw/.hermes/hermes-agent/hermes_cli/web_server.py", line 779, in get_sessions
    db = SessionDB()
         ^^^^^^^^^^^
  File "/Users/ktoclaw/.hermes/hermes-agent/hermes_state.py", line 353, in __init__
    apply_wal_with_fallback(self._conn, db_label="state.db")
  File "/Users/ktoclaw/.hermes/hermes-agent/hermes_state.py", line 152, in apply_wal_with_fallback
    conn.execute("PRAGMA journal_mode=WAL")
sqlite3.DatabaseError: file is not a database
2026-06-11 03:00:17,639 ERROR hermes_cli.web_server: GET /api/sessions failed
Traceback (most recent call last):
  File "/Users/ktoclaw/.hermes/hermes-agent/hermes_cli/web_server.py", line 779, in get_sessions
    db = SessionDB()
         ^^^^^^^^^^^
  File "/Users/ktoclaw/.hermes/hermes-agent/hermes_state.py", line 353, in __init__
    apply_wal_with_fallback(self._conn, db_label="state.db")
  File "/Users/ktoclaw/.hermes/hermes-agent/hermes_state.py", line 152, in apply_wal_with_fallback
    conn.execute("PRAGMA journal_mode=WAL")
sqlite3.DatabaseError: file is not a database
2026-06-11 03:00:22,641 ERROR hermes_cli.web_server: GET /api/sessions failed
Traceback (most recent call last):
  File "/Users/ktoclaw/.hermes/hermes-agent/hermes_cli/web_server.py", line 779, in get_sessions
    db = SessionDB()
         ^^^^^^^^^^^
  File "/Users/ktoclaw/.hermes/hermes-agent/hermes_state.py", line 353, in __init__
    apply_wal_with_fallback(self._conn, db_label="state.db")
  File "/Users/ktoclaw/.hermes/hermes-agent/hermes_state.py", line 152, in apply_wal_with_fallback
    conn.execute("PRAGMA journal_mode=WAL")
sqlite3.DatabaseError: file is not a database
2026-06-11 03:00:27,642 ERROR hermes_cli.web_server: GET /api/sessions failed
Traceback (most recent call last):
  File "/Users/ktoclaw/.hermes/hermes-agent/hermes_cli/web_server.py", line 779, in get_sessions
    db = SessionDB()
         ^^^^^^^^^^^
  File "/Users/ktoclaw/.hermes/hermes-agent/hermes_state.py", line 353, in __init__
    apply_wal_with_fallback(self._conn, db_label="state.db")
  File "/Users/ktoclaw/.hermes/hermes-agent/hermes_state.py", line 152, in apply_wal_with_fallback
    conn.execute("PRAGMA journal_mode=WAL")
sqlite3.DatabaseError: file is not a database
2026-06-11 03:00:32,646 ERROR hermes_cli.web_server: GET /api/sessions failed
Traceback (most recent call last):
  File "/Users/ktoclaw/.hermes/hermes-agent/hermes_cli/web_server.py", line 779, in get_sessions
    db = SessionDB()
         ^^^^^^^^^^^
  File "/Users/ktoclaw/.hermes/hermes-agent/hermes_state.py", line 353, in __init__
    apply_wal_with_fallback(self._conn, db_label="state.db")
  File "/Users/ktoclaw/.hermes/hermes-agent/hermes_state.py", line 152, in apply_wal_with_fallback
    conn.execute("PRAGMA journal_mode=WAL")
sqlite3.DatabaseError: file is not a database
2026-06-11 03:00:37,647 ERROR hermes_cli.web_server: GET /api/sessions failed
Traceback (most recent call last):
  File "/Users/ktoclaw/.hermes/hermes-agent/hermes_cli/web_server.py", line 779, in get_sessions
    db = SessionDB()
         ^^^^^^^^^^^
  File "/Users/ktoclaw/.hermes/hermes-agent/hermes_state.py", line 353, in __init__
    apply_wal_with_fallback(self._conn, db_label="state.db")
  File "/Users/ktoclaw/.hermes/hermes-agent/hermes_state.py", line 152, in apply_wal_with_fallback
    conn.execute("PRAGMA journal_mode=WAL")
sqlite3.DatabaseError: file is not a database
2026-06-11 03:00:42,642 ERROR hermes_cli.web_server: GET /api/sessions failed
Traceback (most recent call last):
  File "/Users/ktoclaw/.hermes/hermes-agent/hermes_cli/web_server.py", line 779, in get_sessions
    db = SessionDB()
         ^^^^^^^^^^^
  File "/Users/ktoclaw/.hermes/hermes-agent/hermes_state.py", line 353, in __init__
    apply_wal_with_fallback(self._conn, db_label="state.db")
  File "/Users/ktoclaw/.hermes/hermes-agent/hermes_state.py", line 152, in apply_wal_with_fallback
    conn.execute("PRAGMA journal_mode=WAL")
sqlite3.DatabaseError: file is not a database
2026-06-11 03:00:47,640 ERROR hermes_cli.web_server: GET /api/sessions failed
Traceback (most recent call last):
  File "/Users/ktoclaw/.hermes/hermes-agent/hermes_cli/web_server.py", line 779, in get_sessions
    db = SessionDB()
         ^^^^^^^^^^^
  File "/Users/ktoclaw/.hermes/hermes-agent/hermes_state.py", line 353, in __init__
    apply_wal_with_fallback(self._conn, db_label="state.db")
  File "/Users/ktoclaw/.hermes/hermes-agent/hermes_state.py", line 152, in apply_wal_with_fallback
    conn.execute("PRAGMA journal_mode=WAL")
sqlite3.DatabaseError: file is not a database
2026-06-11 03:00:52,639 ERROR hermes_cli.web_server: GET /api/sessions failed
Traceback (most recent call last):
  File "/Users/ktoclaw/.hermes/hermes-agent/hermes_cli/web_server.py", line 779, in get_sessions
    db = SessionDB()
         ^^^^^^^^^^^
  File "/Users/ktoclaw/.hermes/hermes-agent/hermes_state.py", line 353, in __init__
    apply_wal_with_fallback(self._conn, db_label="state.db")
  File "/Users/ktoclaw/.hermes/hermes-agent/hermes_state.py", line 152, in apply_wal_with_fallback
    conn.execute("PRAGMA journal_mode=WAL")
sqlite3.DatabaseError: file is not a database
